
=================================================================
==7892==ERROR: LeakSanitizer: detected memory leaks

Direct leak of 7 byte(s) in 1 object(s) allocated from:
    #0 0x49c2ad in __interceptor_malloc /projects/compiler-rt/lib/asan/asan_malloc_linux.cpp:129:3
    #1 0x4ce522 in main files/lsan.c:5:9

SUMMARY: AddressSanitizer: 7 byte(s) leaked in 1 allocation(s).
